Microchip MPLAB XC8 Compiler V1.42 ()

Linker command line:

-W-3 --edf=C:\Program Files (x86)\Microchip\xc8\v1.42\dat\en_msgs.txt -cs \
  -h+dist/default/production\RTCC.X.production.sym \
  --cmf=dist/default/production\RTCC.X.production.cmf -z -Q18F46J11 \
  -oC:\Users\a19356\AppData\Local\Temp\s8sc.2 \
  -Mdist/default/production/RTCC.X.production.map -E1 -ver=XC8 \
  -ASTACK=068h-0ebfh -pstack=STACK -ACODE=00h-0FFF7h -ACONST=00h-0FFF7h \
  -ASMALLCONST=0F00h-0FFFhx240,0FF00h-0FFF7h -AMEDIUMCONST=0F00h-0FFF7h \
  -ACOMRAM=01h-05Fh -AABS1=00h-0EBFh -ABIGRAM=01h-0EBFh \
  -ARAM=060h-0FFh,0100h-01FFhx13,0E00h-0EBFh -ABANK0=060h-0FFh \
  -ABANK1=0100h-01FFh -ABANK2=0200h-02FFh -ABANK3=0300h-03FFh \
  -ABANK4=0400h-04FFh -ABANK5=0500h-05FFh -ABANK6=0600h-06FFh \
  -ABANK7=0700h-07FFh -ABANK8=0800h-08FFh -ABANK9=0900h-09FFh \
  -ABANK10=0A00h-0AFFh -ABANK11=0B00h-0BFFh -ABANK12=0C00h-0CFFh \
  -ABANK13=0D00h-0DFFh -ABANK14=0E00h-0EBFh \
  -ASFR=0EC0h-0EFFh,0F00h-0F5Fh,0F60h-0FFFh \
  -preset_vec=00h,intcode=08h,intcodelo,powerup,init -pramtop=0F00h \
  -psmallconst=SMALLCONST -pmediumconst=MEDIUMCONST -pconst=CONST \
  -AFARRAM=00h-00h -ACONFIG=0FFF8h-0FFFFh -pconfig=CONFIG \
  -pjflash_buffer=0F800h \
  -prdata=COMRAM,nvrram=COMRAM,nvbit=COMRAM,rbss=COMRAM,rbit=COMRAM \
  -pfarbss=FARRAM,fardata=FARRAM,nvFARRAM=FARRAM \
  -pintsave_regs=BIGRAM,bigbss=BIGRAM,bigdata=BIGRAM -pbss=RAM \
  -pidata=CODE,irdata=CODE,ibigdata=CODE,ifardata=CODE -prparam=COMRAM \
  C:\Users\a19356\AppData\Local\Temp\s8sc.obj \
  dist/default/production\RTCC.X.production.obj 

Object code version is 3.11

Machine type is 18F46J11

Call graph: (short form)




                Name                               Link     Load   Length Selector   Space Scale
C:\Users\a19356\AppData\Local\Temp\s8sc.obj
                init                                 9A       9A        4        4       0
                reset_vec                             0        0        4        0       0
                config                             FFF8     FFF8        8     FFF8       0
dist/default/production\RTCC.X.production.obj
                intcode                               8        8       92        4       0
                temp                                 4E       4E        1        1       1
                text14                              424      424       2C        4       0
                text13                              3F6      3F6       2E        4       0
                text11                              256      256       84        4       0
                text10                              2DA      2DA       70        4       0
                text9                               390      390       36        4       0
                text8                               1CC      1CC       8A        4       0
                text7                               48E      48E        4        4       0
                text6                               3C6      3C6       30        4       0
                text5                               482      482        C        4       0
                text4                               474      474        E        4       0
                text3                               466      466        E        4       0
                text2                               138      138       94        4       0
                text1                                9E       9E       9A        4       0
                text0                               34A      34A       46        4       0
                cstackCOMRAM                          1        1       27        1       1
                cstackBANK0                          60       60        8       60       1
                bssCOMRAM                            28       28       26        1       1
                cinit                               450      450       16        4       0

TOTAL           Name                               Link     Load   Length     Space
        CLASS   STACK          

        CLASS   CODE           
                intcode                               8        8       92         0
                init                                 9A       9A        4         0
                reset_vec                             0        0        4         0
                text14                              424      424       2C         0
                text13                              3F6      3F6       2E         0
                text11                              256      256       84         0
                text10                              2DA      2DA       70         0
                text9                               390      390       36         0
                text8                               1CC      1CC       8A         0
                text7                               48E      48E        4         0
                text6                               3C6      3C6       30         0
                text5                               482      482        C         0
                text4                               474      474        E         0
                text3                               466      466        E         0
                text2                               138      138       94         0
                text1                                9E       9E       9A         0
                text0                               34A      34A       46         0
                cinit                               450      450       16         0

        CLASS   CONST          

        CLASS   SMALLCONST     

        CLASS   MEDIUMCONST    

        CLASS   COMRAM         
                temp                                 4E       4E        1         1
                cstackCOMRAM                          1        1       27         1
                bssCOMRAM                            28       28       26         1

        CLASS   ABS1           

        CLASS   BIGRAM         

        CLASS   RAM            

        CLASS   BANK0          
                cstackBANK0                          60       60        8         1

        CLASS   BANK1          

        CLASS   BANK2          

        CLASS   BANK3          

        CLASS   BANK4          

        CLASS   BANK5          

        CLASS   BANK6          

        CLASS   BANK7          

        CLASS   BANK8          

        CLASS   BANK9          

        CLASS   BANK10         

        CLASS   BANK11         

        CLASS   BANK12         

        CLASS   BANK13         

        CLASS   BANK14         

        CLASS   SFR            

        CLASS   FARRAM         

        CLASS   CONFIG         
                config                             FFF8     FFF8        8         0

        CLASS   IDLOC          



SEGMENTS        Name                           Load    Length   Top    Selector   Space  Class

                reset_vec                      000000  000004  000004         0       0  CODE    
                cstackCOMRAM                   000001  00004E  00004F         1       1  COMRAM  
                intcode                        000008  00048A  000492         4       0  CODE    
                cstackBANK0                    000060  000008  000068        60       1  BANK0   
                config                         00FFF8  000008  010000      FFF8       0  CONFIG  


UNUSED ADDRESS RANGES

        Name                Unused          Largest block    Delta
        BANK0            00068-000FF              98
        BANK1            00100-001FF             100
        BANK10           00A00-00AFF             100
        BANK11           00B00-00BFF             100
        BANK12           00C00-00CFF             100
        BANK13           00D00-00DFF             100
        BANK14           00E00-00EBF              C0
        BANK2            00200-002FF             100
        BANK3            00300-003FF             100
        BANK4            00400-004FF             100
        BANK5            00500-005FF             100
        BANK6            00600-006FF             100
        BANK7            00700-007FF             100
        BANK8            00800-008FF             100
        BANK9            00900-009FF             100
        BIGRAM           0004F-0005F              11
                         00068-00EBF             E58
        CODE             00004-00007               4
                         00492-0FFF7            FB66
        COMRAM           0004F-0005F              11
        CONST            00004-00007               4
                         00492-0FFF7            FB66
        MEDIUMCONST      00F00-0FFF7            F0F8
        RAM              00068-00EBF             100
        SFR              00EC0-00FFF              60
        SMALLCONST       00F00-0FFF7             100
        STACK            00068-00EBF             E58

                                  Symbol Table

?___awdiv                            cstackCOMRAM  0000F
?___awmod                            cstackCOMRAM  0000F
DECtoBCD@DECByte                     cstackCOMRAM  00019
_ANCON0                              (abs)         00F48
_ANCON1                              (abs)         00F49
_BAUDCON1                            (abs)         00F7E
_DECtoBCD                            text9         00390
_EUSART1_Receive_ISR                 text14        00424
_EUSART1_Transmit_ISR                text13        003F6
_INTCONbits                          (abs)         00FF2
_INTERRUPT_Initialize                text7         0048E
_INTERRUPT_InterruptManager          intcode       00008
_LATA                                (abs)         00F89
_LATB                                (abs)         00F8A
_LATC                                (abs)         00F8B
_LATD                                (abs)         00F8C
_LATE                                (abs)         00F8D
_OSCCON                              (abs)         00FD3
_PADCFG1                             (abs)         00F3C
_PIE1bits                            (abs)         00F9D
_PIN_MANAGER_Initialize              text6         003C6
_PIR1bits                            (abs)         00F9E
_RCONbits                            (abs)         00FD0
_RCREG1                              (abs)         00FAF
_RCSTA1                              (abs)         00FAC
_RCSTA1bits                          (abs)         00FAC
_RTCCFGbits                          (abs)         00F3F
_RTCEN                               (abs)         079FF
_RTCOE                               (abs)         079FA
_RTCSYNC                             (abs)         079FC
_RTCVALH                             (abs)         00F99
_RTCVALL                             (abs)         00F98
_RTCWREN                             (abs)         079FD
_SPBRG1                              (abs)         00FB0
_SPBRGH1                             (abs)         00F7F
_TRISA                               (abs)         00F92
_TRISB                               (abs)         00F93
_TRISC                               (abs)         00F94
_TRISD                               (abs)         00F95
_TRISE                               (abs)         00F96
_TXREG1                              (abs)         00FAE
_TXSTA1                              (abs)         00FAD
__CFG_CP0$OFF                        (abs)         00000
__CFG_DSBOREN$OFF                    (abs)         00000
__CFG_DSWDTEN$OFF                    (abs)         00000
__CFG_DSWDTOSC$INTOSCREF             (abs)         00000
__CFG_DSWDTPS$G2                     (abs)         00000
__CFG_FCMEN$ON                       (abs)         00000
__CFG_IESO$ON                        (abs)         00000
__CFG_IOL1WAY$ON                     (abs)         00000
__CFG_LPT1OSC$OFF                    (abs)         00000
__CFG_MSSP7B_EN$MSK7                 (abs)         00000
__CFG_OSC$HSPLL                      (abs)         00000
__CFG_RTCOSC$INTOSCREF               (abs)         00000
__CFG_STVREN$OFF                     (abs)         00000
__CFG_T1DIG$ON                       (abs)         00000
__CFG_WDTEN$OFF                      (abs)         00000
__CFG_WDTPS$32768                    (abs)         00000
__CFG_WPCFG$OFF                      (abs)         00000
__CFG_WPDIS$OFF                      (abs)         00000
__CFG_WPEND$PAGE_WPFP                (abs)         00000
__CFG_WPFP$PAGE_63                   (abs)         00000
__CFG_XINST$OFF                      (abs)         00000
__HRAM                               (abs)         00000
__Habs1                              abs1          00000
__Hbank0                             bank0         00000
__Hbank1                             bank1         00000
__Hbank10                            bank10        00000
__Hbank11                            bank11        00000
__Hbank12                            bank12        00000
__Hbank13                            bank13        00000
__Hbank14                            bank14        00000
__Hbank2                             bank2         00000
__Hbank3                             bank3         00000
__Hbank4                             bank4         00000
__Hbank5                             bank5         00000
__Hbank6                             bank6         00000
__Hbank7                             bank7         00000
__Hbank8                             bank8         00000
__Hbank9                             bank9         00000
__Hbigbss                            bigbss        00000
__Hbigdata                           bigdata       00000
__Hbigram                            bigram        00000
__Hbss                               bss           00000
__HbssCOMRAM                         bssCOMRAM     00000
__Hcinit                             cinit         00000
__Hclrtext                           clrtext       00000
__Hcomram                            comram        00000
__Hconfig                            config        10000
__Hconst                             const         00000
__HcstackBANK0                       cstackBANK0   00000
__HcstackCOMRAM                      cstackCOMRAM  00000
__Hdata                              data          00000
__Hfarbss                            farbss        00000
__Hfardata                           fardata       00000
__Hibigdata                          ibigdata      00000
__Hidata                             idata         00000
__Hidloc                             idloc         00000
__Hifardata                          ifardata      00000
__Hinit                              init          0009E
__Hintcode                           intcode       0009A
__Hintcode_body                      intcode_body  00000
__Hintcodelo                         intcodelo     0009A
__Hintentry                          intentry      00000
__Hintret                            intret        00000
__Hintsave_regs                      intsave_regs  00000
__Hirdata                            irdata        00000
__Hjflash_buffer                     jflash_buffer 0F800
__Hmediumconst                       mediumconst   00000
__HnvFARRAM                          nvFARRAM      00000
__Hnvbit                             nvbit         00000
__Hnvrram                            nvrram        00000
__Hparam                             rparam        00000
__Hpowerup                           powerup       0009A
__Hram                               ram           00000
__Hramtop                            ramtop        00F00
__Hrbit                              rbit          00000
__Hrbss                              rbss          00000
__Hrdata                             rdata         00000
__Hreset_vec                         reset_vec     00004
__Hrparam                            rparam        00000
__Hsfr                               sfr           00000
__Hsmallconst                        smallconst    00000
__Hspace_0                           (abs)         10000
__Hspace_1                           (abs)         00068
__Hspace_2                           (abs)         00000
__Hstack                             stack         00000
__Hstruct                            struct        00000
__Htemp                              temp          0004F
__Htext                              text          00000
__Htext0                             text0         00000
__Htext1                             text1         00000
__Htext10                            text10        00000
__Htext11                            text11        00000
__Htext13                            text13        00000
__Htext14                            text14        00000
__Htext2                             text2         00000
__Htext3                             text3         00000
__Htext4                             text4         00000
__Htext5                             text5         00000
__Htext6                             text6         00000
__Htext7                             text7         00000
__Htext8                             text8         00000
__Htext9                             text9         00000
__LRAM                               (abs)         00001
__Labs1                              abs1          00000
__Lbank0                             bank0         00000
__Lbank1                             bank1         00000
__Lbank10                            bank10        00000
__Lbank11                            bank11        00000
__Lbank12                            bank12        00000
__Lbank13                            bank13        00000
__Lbank14                            bank14        00000
__Lbank2                             bank2         00000
__Lbank3                             bank3         00000
__Lbank4                             bank4         00000
__Lbank5                             bank5         00000
__Lbank6                             bank6         00000
__Lbank7                             bank7         00000
__Lbank8                             bank8         00000
__Lbank9                             bank9         00000
__Lbigbss                            bigbss        00000
__Lbigdata                           bigdata       00000
__Lbigram                            bigram        00000
__Lbss                               bss           00000
__LbssCOMRAM                         bssCOMRAM     00000
__Lcinit                             cinit         00000
__Lclrtext                           clrtext       00000
__Lcomram                            comram        00000
__Lconfig                            config        0FFF8
__Lconst                             const         00000
__LcstackBANK0                       cstackBANK0   00000
__LcstackCOMRAM                      cstackCOMRAM  00000
__Ldata                              data          00000
__Lfarbss                            farbss        00000
__Lfardata                           fardata       00000
__Libigdata                          ibigdata      00000
__Lidata                             idata         00000
__Lidloc                             idloc         00000
__Lifardata                          ifardata      00000
__Linit                              init          0009A
__Lintcode                           intcode       00008
__Lintcode_body                      intcode_body  00000
__Lintcodelo                         intcodelo     0009A
__Lintentry                          intentry      00000
__Lintret                            intret        00000
__Lintsave_regs                      intsave_regs  00000
__Lirdata                            irdata        00000
__Ljflash_buffer                     jflash_buffer 0F800
__Lmediumconst                       mediumconst   00000
__LnvFARRAM                          nvFARRAM      00000
__Lnvbit                             nvbit         00000
__Lnvrram                            nvrram        00000
__Lparam                             rparam        00000
__Lpowerup                           powerup       0009A
__Lram                               ram           00000
__Lramtop                            ramtop        00F00
__Lrbit                              rbit          00000
__Lrbss                              rbss          00000
__Lrdata                             rdata         00000
__Lreset_vec                         reset_vec     00000
__Lrparam                            rparam        00000
__Lsfr                               sfr           00000
__Lsmallconst                        smallconst    00000
__Lspace_0                           (abs)         00000
__Lspace_1                           (abs)         00000
__Lspace_2                           (abs)         00000
__Lstack                             stack         00000
__Lstruct                            struct        00000
__Ltemp                              temp          0004E
__Ltext                              text          00000
__Ltext0                             text0         00000
__Ltext1                             text1         00000
__Ltext10                            text10        00000
__Ltext11                            text11        00000
__Ltext13                            text13        00000
__Ltext14                            text14        00000
__Ltext2                             text2         00000
__Ltext3                             text3         00000
__Ltext4                             text4         00000
__Ltext5                             text5         00000
__Ltext6                             text6         00000
__Ltext7                             text7         00000
__Ltext8                             text8         00000
__Ltext9                             text9         00000
__S0                                 (abs)         10000
__S1                                 (abs)         00068
__S2                                 (abs)         00000
___awdiv                             text11        00256
___awdiv@counter                     cstackCOMRAM  00013
___awdiv@dividend                    cstackCOMRAM  0000F
___awdiv@divisor                     cstackCOMRAM  00011
___awdiv@quotient                    cstackCOMRAM  00015
___awdiv@sign                        cstackCOMRAM  00014
___awmod                             text10        002DA
___awmod@counter                     cstackCOMRAM  00013
___awmod@dividend                    cstackCOMRAM  0000F
___awmod@divisor                     cstackCOMRAM  00011
___awmod@sign                        cstackCOMRAM  00014
___inthi_sp                          stack         00000
___intlo_sp                          stack         00000
___param_bank                        (abs)         00000
___rparam_used                       (abs)         00001
___sp                                stack         00000
__accesstop                          (abs)         00060
__activetblptr                       (abs)         00000
__end_of_DECtoBCD                    text9         003C6
__end_of_EUSART1_Receive_ISR         text14        00450
__end_of_EUSART1_Transmit_ISR        text13        00424
__end_of_INTERRUPT_Initialize        text7         00492
__end_of_INTERRUPT_InterruptManager  intcode       0009A
__end_of_PIN_MANAGER_Initialize      text6         003F6
__end_of___awdiv                     text11        002DA
__end_of___awmod                     text10        0034A
__end_of__initialization             cinit         0045C
__end_of_ctor_RTCC                   text8         00256
__end_of_initialize_OSC              text5         0048E
__end_of_initialize_System           text4         00482
__end_of_main                        text0         00390
__end_of_read_RTCC                   text2         001CC
__end_of_unlock_RTCC                 text3         00474
__end_of_write_RTCC                  text1         00138
__initialization                     cinit         00450
__mediumconst                        mediumconst   00000
__pbssCOMRAM                         bssCOMRAM     00028
__pcinit                             cinit         00450
__pcstackBANK0                       cstackBANK0   00060
__pcstackCOMRAM                      cstackCOMRAM  00001
__pintcode                           intcode       00008
__ptext0                             text0         0034A
__ptext1                             text1         0009E
__ptext10                            text10        002DA
__ptext11                            text11        00256
__ptext13                            text13        003F6
__ptext14                            text14        00424
__ptext2                             text2         00138
__ptext3                             text3         00466
__ptext4                             text4         00474
__ptext5                             text5         00482
__ptext6                             text6         003C6
__ptext7                             text7         0048E
__ptext8                             text8         001CC
__ptext9                             text9         00390
__ramtop                             ramtop        00F00
__size_of_DECtoBCD                   (abs)         00000
__size_of_EUSART1_Receive_ISR        (abs)         00000
__size_of_EUSART1_Transmit_ISR       (abs)         00000
__size_of_INTERRUPT_Initialize       (abs)         00000
__size_of_INTERRUPT_InterruptManager (abs)         00000
__size_of_PIN_MANAGER_Initialize     (abs)         00000
__size_of___awdiv                    (abs)         00000
__size_of___awmod                    (abs)         00000
__size_of_ctor_RTCC                  (abs)         00000
__size_of_initialize_OSC             (abs)         00000
__size_of_initialize_System          (abs)         00000
__size_of_main                       (abs)         00000
__size_of_read_RTCC                  (abs)         00000
__size_of_unlock_RTCC                (abs)         00000
__size_of_write_RTCC                 (abs)         00000
__smallconst                         smallconst    00000
_ctor_RTCC                           text8         001CC
_eusart1RxBuffer                     bssCOMRAM     00028
_eusart1RxCount                      bssCOMRAM     00048
_eusart1RxHead                       bssCOMRAM     0004A
_eusart1RxTail                       bssCOMRAM     00049
_eusart1TxBuffer                     bssCOMRAM     00038
_eusart1TxBufferRemaining            bssCOMRAM     0004B
_eusart1TxHead                       bssCOMRAM     0004D
_eusart1TxTail                       bssCOMRAM     0004C
_initialize_OSC                      text5         00482
_initialize_System                   text4         00474
_main                                text0         0034A
_read_RTCC                           text2         00138
_unlock_RTCC                         text3         00466
_write_RTCC                          text1         0009E
btemp                                temp          0004E
ctor_RTCC@day                        cstackCOMRAM  0001E
ctor_RTCC@hours                      cstackCOMRAM  00020
ctor_RTCC@me                         cstackCOMRAM  0001A
ctor_RTCC@minutes                    cstackCOMRAM  00021
ctor_RTCC@month                      cstackCOMRAM  0001D
ctor_RTCC@seconds                    cstackCOMRAM  00022
ctor_RTCC@weekday                    cstackCOMRAM  0001F
ctor_RTCC@year                       cstackCOMRAM  0001C
end_of_initialization                cinit         0045C
int$flags                            temp          0004E
intlevel0                            text          00000
intlevel1                            text          00000
intlevel2                            text          00000
intlevel3                            text          00000
main@Today                           cstackBANK0   00060
read_RTCC@me                         cstackCOMRAM  0000F
stackhi                              (abs)         00EBF
stacklo                              (abs)         00068
start                                init          0009A
start_initialization                 cinit         00450
write_RTCC@me                        cstackCOMRAM  0000F


FUNCTION INFORMATION:

 *************** function _main *****************
 Defined at:
		line 50 in file "main.c"
 Parameters:    Size  Location     Type
  argc            2   34[COMRAM] int 
  argv            3   36[COMRAM] PTR PTR unsigned char 
 Auto vars:     Size  Location     Type
  Today           8    0[BANK0 ] struct .
 Return value:  Size  Location     Type
                  2   34[COMRAM] int 
 Registers used:
		wreg, fsr2l, fsr2h, status,2, status,0, cstack
 Tracked objects:
		On entry : 
		On exit  : 
		Unchanged: 
 Data sizes:     COMRAM   BANK0   BANK1   BANK2   BANK3   BANK4   BANK5   BANK6   BANK7   BANK8   BANK9  BANK10  BANK11  BANK12  BANK13  BANK14
      Params:         5       0       0       0       0       0       0       0       0       0       0       0       0       0       0       0
      Locals:         0       8       0       0       0       0       0       0       0       0       0       0       0       0       0       0
      Temps:          0       0       0       0       0       0       0       0       0       0       0       0       0       0       0       0
      Totals:         5       8       0       0       0       0       0       0       0       0       0       0       0       0       0       0
Total ram usage:       13 bytes
 Hardware stack levels required when called:    5
 This function calls:
		_ctor_RTCC
		_initialize_System
		_read_RTCC
		_write_RTCC
 This function is called by:
		Startup code after reset
 This function uses a non-reentrant model


 *************** function _write_RTCC *****************
 Defined at:
		line 88 in file "main.c"
 Parameters:    Size  Location     Type
  me              2   14[COMRAM] const PTR struct .
		 -> main@Today(8), 
 Auto vars:     Size  Location     Type
		None
 Return value:  Size  Location     Type
                  1    wreg      void 
 Registers used:
		wreg, fsr2l, fsr2h, status,2, status,0, cstack
 Tracked objects:
		On entry : 
		On exit  : 
		Unchanged: 
 Data sizes:     COMRAM   BANK0   BANK1   BANK2   BANK3   BANK4   BANK5   BANK6   BANK7   BANK8   BANK9  BANK10  BANK11  BANK12  BANK13  BANK14
      Params:         2       0       0       0       0       0       0       0       0       0       0       0       0       0       0       0
      Locals:         0       0       0       0       0       0       0       0       0       0       0       0       0       0       0       0
      Temps:          0       0       0       0       0       0       0       0       0       0       0       0       0       0       0       0
      Totals:         2       0       0       0       0       0       0       0       0       0       0       0       0       0       0       0
Total ram usage:        2 bytes
 Hardware stack levels used:    1
 Hardware stack levels required when called:    3
 This function calls:
		_unlock_RTCC
 This function is called by:
		_main
 This function uses a non-reentrant model


 *************** function _read_RTCC *****************
 Defined at:
		line 115 in file "main.c"
 Parameters:    Size  Location     Type
  me              2   14[COMRAM] const PTR struct .
		 -> main@Today(8), 
 Auto vars:     Size  Location     Type
		None
 Return value:  Size  Location     Type
                  1    wreg      void 
 Registers used:
		wreg, fsr2l, fsr2h, status,2, status,0, cstack
 Tracked objects:
		On entry : 
		On exit  : 
		Unchanged: 
 Data sizes:     COMRAM   BANK0   BANK1   BANK2   BANK3   BANK4   BANK5   BANK6   BANK7   BANK8   BANK9  BANK10  BANK11  BANK12  BANK13  BANK14
      Params:         2       0       0       0       0       0       0       0       0       0       0       0       0       0       0       0
      Locals:         0       0       0       0       0       0       0       0       0       0       0       0       0       0       0       0
      Temps:          0       0       0       0       0       0       0       0       0       0       0       0       0       0       0       0
      Totals:         2       0       0       0       0       0       0       0       0       0       0       0       0       0       0       0
Total ram usage:        2 bytes
 Hardware stack levels used:    1
 Hardware stack levels required when called:    3
 This function calls:
		_unlock_RTCC
 This function is called by:
		_main
 This function uses a non-reentrant model


 *************** function _unlock_RTCC *****************
 Defined at:
		line 137 in file "main.c"
 Parameters:    Size  Location     Type
		None
 Auto vars:     Size  Location     Type
		None
 Return value:  Size  Location     Type
                  1    wreg      void 
 Registers used:
		None
 Tracked objects:
		On entry : 
		On exit  : 
		Unchanged: 
 Data sizes:     COMRAM   BANK0   BANK1   BANK2   BANK3   BANK4   BANK5   BANK6   BANK7   BANK8   BANK9  BANK10  BANK11  BANK12  BANK13  BANK14
      Params:         0       0       0       0       0       0       0       0       0       0       0       0       0       0       0       0
      Locals:         0       0       0       0       0       0       0       0       0       0       0       0       0       0       0       0
      Temps:          0       0       0       0       0       0       0       0       0       0       0       0       0       0       0       0
      Totals:         0       0       0       0       0       0       0       0       0       0       0       0       0       0       0       0
Total ram usage:        0 bytes
 Hardware stack levels used:    1
 Hardware stack levels required when called:    2
 This function calls:
		Nothing
 This function is called by:
		_write_RTCC
		_read_RTCC
 This function uses a non-reentrant model


 *************** function _initialize_System *****************
 Defined at:
		line 64 in file "main.c"
 Parameters:    Size  Location     Type
		None
 Auto vars:     Size  Location     Type
		None
 Return value:  Size  Location     Type
                  1    wreg      void 
 Registers used:
		wreg, status,2, cstack
 Tracked objects:
		On entry : 
		On exit  : 
		Unchanged: 
 Data sizes:     COMRAM   BANK0   BANK1   BANK2   BANK3   BANK4   BANK5   BANK6   BANK7   BANK8   BANK9  BANK10  BANK11  BANK12  BANK13  BANK14
      Params:         0       0       0       0       0       0       0       0       0       0       0       0       0       0       0       0
      Locals:         0       0       0       0       0       0       0       0       0       0       0       0       0       0       0       0
      Temps:          0       0       0       0       0       0       0       0       0       0       0       0       0       0       0       0
      Totals:         0       0       0       0       0       0       0       0       0       0       0       0       0       0       0       0
Total ram usage:        0 bytes
 Hardware stack levels used:    1
 Hardware stack levels required when called:    3
 This function calls:
		_INTERRUPT_Initialize
		_PIN_MANAGER_Initialize
		_initialize_OSC
 This function is called by:
		_main
 This function uses a non-reentrant model


 *************** function _initialize_OSC *****************
 Defined at:
		line 70 in file "main.c"
 Parameters:    Size  Location     Type
		None
 Auto vars:     Size  Location     Type
		None
 Return value:  Size  Location     Type
                  1    wreg      void 
 Registers used:
		wreg, status,2
 Tracked objects:
		On entry : 
		On exit  : 
		Unchanged: 
 Data sizes:     COMRAM   BANK0   BANK1   BANK2   BANK3   BANK4   BANK5   BANK6   BANK7   BANK8   BANK9  BANK10  BANK11  BANK12  BANK13  BANK14
      Params:         0       0       0       0       0       0       0       0       0       0       0       0       0       0       0       0
      Locals:         0       0       0       0       0       0       0       0       0       0       0       0       0       0       0       0
      Temps:          0       0       0       0       0       0       0       0       0       0       0       0       0       0       0       0
      Totals:         0       0       0       0       0       0       0       0       0       0       0       0       0       0       0       0
Total ram usage:        0 bytes
 Hardware stack levels used:    1
 Hardware stack levels required when called:    2
 This function calls:
		Nothing
 This function is called by:
		_initialize_System
 This function uses a non-reentrant model


 *************** function _PIN_MANAGER_Initialize *****************
 Defined at:
		line 52 in file "pin_manager.c"
 Parameters:    Size  Location     Type
		None
 Auto vars:     Size  Location     Type
		None
 Return value:  Size  Location     Type
                  1    wreg      void 
 Registers used:
		wreg, status,2
 Tracked objects:
		On entry : 
		On exit  : 
		Unchanged: 
 Data sizes:     COMRAM   BANK0   BANK1   BANK2   BANK3   BANK4   BANK5   BANK6   BANK7   BANK8   BANK9  BANK10  BANK11  BANK12  BANK13  BANK14
      Params:         0       0       0       0       0       0       0       0       0       0       0       0       0       0       0       0
      Locals:         0       0       0       0       0       0       0       0       0       0       0       0       0       0       0       0
      Temps:          0       0       0       0       0       0       0       0       0       0       0       0       0       0       0       0
      Totals:         0       0       0       0       0       0       0       0       0       0       0       0       0       0       0       0
Total ram usage:        0 bytes
 Hardware stack levels used:    1
 Hardware stack levels required when called:    2
 This function calls:
		Nothing
 This function is called by:
		_initialize_System
 This function uses a non-reentrant model


 *************** function _INTERRUPT_Initialize *****************
 Defined at:
		line 51 in file "interrupt_manager.c"
 Parameters:    Size  Location     Type
		None
 Auto vars:     Size  Location     Type
		None
 Return value:  Size  Location     Type
                  1    wreg      void 
 Registers used:
		None
 Tracked objects:
		On entry : 
		On exit  : 
		Unchanged: 
 Data sizes:     COMRAM   BANK0   BANK1   BANK2   BANK3   BANK4   BANK5   BANK6   BANK7   BANK8   BANK9  BANK10  BANK11  BANK12  BANK13  BANK14
      Params:         0       0       0       0       0       0       0       0       0       0       0       0       0       0       0       0
      Locals:         0       0       0       0       0       0       0       0       0       0       0       0       0       0       0       0
      Temps:          0       0       0       0       0       0       0       0       0       0       0       0       0       0       0       0
      Totals:         0       0       0       0       0       0       0       0       0       0       0       0       0       0       0       0
Total ram usage:        0 bytes
 Hardware stack levels used:    1
 Hardware stack levels required when called:    2
 This function calls:
		Nothing
 This function is called by:
		_initialize_System
 This function uses a non-reentrant model


 *************** function _ctor_RTCC *****************
 Defined at:
		line 77 in file "main.c"
 Parameters:    Size  Location     Type
  me              2   25[COMRAM] const PTR struct .
		 -> main@Today(8), 
  year            1   27[COMRAM] unsigned char 
  month           1   28[COMRAM] unsigned char 
  day             1   29[COMRAM] unsigned char 
  weekday         1   30[COMRAM] unsigned char 
  hours           1   31[COMRAM] unsigned char 
  minutes         1   32[COMRAM] unsigned char 
  seconds         1   33[COMRAM] unsigned char 
 Auto vars:     Size  Location     Type
		None
 Return value:  Size  Location     Type
                  1    wreg      void 
 Registers used:
		wreg, fsr2l, fsr2h, status,2, status,0, cstack
 Tracked objects:
		On entry : 
		On exit  : 
		Unchanged: 
 Data sizes:     COMRAM   BANK0   BANK1   BANK2   BANK3   BANK4   BANK5   BANK6   BANK7   BANK8   BANK9  BANK10  BANK11  BANK12  BANK13  BANK14
      Params:         9       0       0       0       0       0       0       0       0       0       0       0       0       0       0       0
      Locals:         0       0       0       0       0       0       0       0       0       0       0       0       0       0       0       0
      Temps:          0       0       0       0       0       0       0       0       0       0       0       0       0       0       0       0
      Totals:         9       0       0       0       0       0       0       0       0       0       0       0       0       0       0       0
Total ram usage:        9 bytes
 Hardware stack levels used:    1
 Hardware stack levels required when called:    4
 This function calls:
		_DECtoBCD
 This function is called by:
		_main
 This function uses a non-reentrant model


 *************** function _DECtoBCD *****************
 Defined at:
		line 152 in file "main.c"
 Parameters:    Size  Location     Type
  DECByte         1    wreg     unsigned char 
 Auto vars:     Size  Location     Type
  DECByte         1   24[COMRAM] unsigned char 
 Return value:  Size  Location     Type
                  1    wreg      unsigned char 
 Registers used:
		wreg, status,2, status,0, cstack
 Tracked objects:
		On entry : 
		On exit  : 
		Unchanged: 
 Data sizes:     COMRAM   BANK0   BANK1   BANK2   BANK3   BANK4   BANK5   BANK6   BANK7   BANK8   BANK9  BANK10  BANK11  BANK12  BANK13  BANK14
      Params:         0       0       0       0       0       0       0       0       0       0       0       0       0       0       0       0
      Locals:         1       0       0       0       0       0       0       0       0       0       0       0       0       0       0       0
      Temps:          2       0       0       0       0       0       0       0       0       0       0       0       0       0       0       0
      Totals:         3       0       0       0       0       0       0       0       0       0       0       0       0       0       0       0
Total ram usage:        3 bytes
 Hardware stack levels used:    1
 Hardware stack levels required when called:    3
 This function calls:
		___awdiv
		___awmod
 This function is called by:
		_ctor_RTCC
 This function uses a non-reentrant model


 *************** function ___awmod *****************
 Defined at:
		line 8 in file "C:\Program Files (x86)\Microchip\xc8\v1.42\sources\common\awmod.c"
 Parameters:    Size  Location     Type
  dividend        2   14[COMRAM] int 
  divisor         2   16[COMRAM] int 
 Auto vars:     Size  Location     Type
  sign            1   19[COMRAM] unsigned char 
  counter         1   18[COMRAM] unsigned char 
 Return value:  Size  Location     Type
                  2   14[COMRAM] int 
 Registers used:
		wreg, status,2, status,0
 Tracked objects:
		On entry : 
		On exit  : 
		Unchanged: 
 Data sizes:     COMRAM   BANK0   BANK1   BANK2   BANK3   BANK4   BANK5   BANK6   BANK7   BANK8   BANK9  BANK10  BANK11  BANK12  BANK13  BANK14
      Params:         4       0       0       0       0       0       0       0       0       0       0       0       0       0       0       0
      Locals:         2       0       0       0       0       0       0       0       0       0       0       0       0       0       0       0
      Temps:          0       0       0       0       0       0       0       0       0       0       0       0       0       0       0       0
      Totals:         6       0       0       0       0       0       0       0       0       0       0       0       0       0       0       0
Total ram usage:        6 bytes
 Hardware stack levels used:    1
 Hardware stack levels required when called:    2
 This function calls:
		Nothing
 This function is called by:
		_DECtoBCD
 This function uses a non-reentrant model


 *************** function ___awdiv *****************
 Defined at:
		line 8 in file "C:\Program Files (x86)\Microchip\xc8\v1.42\sources\common\awdiv.c"
 Parameters:    Size  Location     Type
  dividend        2   14[COMRAM] int 
  divisor         2   16[COMRAM] int 
 Auto vars:     Size  Location     Type
  quotient        2   20[COMRAM] int 
  sign            1   19[COMRAM] unsigned char 
  counter         1   18[COMRAM] unsigned char 
 Return value:  Size  Location     Type
                  2   14[COMRAM] int 
 Registers used:
		wreg, status,2, status,0
 Tracked objects:
		On entry : 
		On exit  : 
		Unchanged: 
 Data sizes:     COMRAM   BANK0   BANK1   BANK2   BANK3   BANK4   BANK5   BANK6   BANK7   BANK8   BANK9  BANK10  BANK11  BANK12  BANK13  BANK14
      Params:         4       0       0       0       0       0       0       0       0       0       0       0       0       0       0       0
      Locals:         4       0       0       0       0       0       0       0       0       0       0       0       0       0       0       0
      Temps:          0       0       0       0       0       0       0       0       0       0       0       0       0       0       0       0
      Totals:         8       0       0       0       0       0       0       0       0       0       0       0       0       0       0       0
Total ram usage:        8 bytes
 Hardware stack levels used:    1
 Hardware stack levels required when called:    2
 This function calls:
		Nothing
 This function is called by:
		_DECtoBCD
 This function uses a non-reentrant model


 *************** function _INTERRUPT_InterruptManager *****************
 Defined at:
		line 57 in file "interrupt_manager.c"
 Parameters:    Size  Location     Type
		None
 Auto vars:     Size  Location     Type
		None
 Return value:  Size  Location     Type
                  1    wreg      void 
 Registers used:
		wreg, fsr2l, fsr2h, status,2, status,0, prodl, prodh, cstack
 Tracked objects:
		On entry : 
		On exit  : 
		Unchanged: 
 Data sizes:     COMRAM   BANK0   BANK1   BANK2   BANK3   BANK4   BANK5   BANK6   BANK7   BANK8   BANK9  BANK10  BANK11  BANK12  BANK13  BANK14
      Params:         0       0       0       0       0       0       0       0       0       0       0       0       0       0       0       0
      Locals:         0       0       0       0       0       0       0       0       0       0       0       0       0       0       0       0
      Temps:         14       0       0       0       0       0       0       0       0       0       0       0       0       0       0       0
      Totals:        14       0       0       0       0       0       0       0       0       0       0       0       0       0       0       0
Total ram usage:       14 bytes
 Hardware stack levels used:    1
 Hardware stack levels required when called:    1
 This function calls:
		_EUSART1_Receive_ISR
		_EUSART1_Transmit_ISR
 This function is called by:
		Interrupt level 2
 This function uses a non-reentrant model


 *************** function _EUSART1_Transmit_ISR *****************
 Defined at:
		line 166 in file "eusart1.c"
 Parameters:    Size  Location     Type
		None
 Auto vars:     Size  Location     Type
		None
 Return value:  Size  Location     Type
                  1    wreg      void 
 Registers used:
		wreg, fsr2l, fsr2h, status,2, status,0, prodl, prodh
 Tracked objects:
		On entry : 
		On exit  : 
		Unchanged: 
 Data sizes:     COMRAM   BANK0   BANK1   BANK2   BANK3   BANK4   BANK5   BANK6   BANK7   BANK8   BANK9  BANK10  BANK11  BANK12  BANK13  BANK14
      Params:         0       0       0       0       0       0       0       0       0       0       0       0       0       0       0       0
      Locals:         0       0       0       0       0       0       0       0       0       0       0       0       0       0       0       0
      Temps:          0       0       0       0       0       0       0       0       0       0       0       0       0       0       0       0
      Totals:         0       0       0       0       0       0       0       0       0       0       0       0       0       0       0       0
Total ram usage:        0 bytes
 Hardware stack levels used:    1
 This function calls:
		Nothing
 This function is called by:
		_INTERRUPT_InterruptManager
 This function uses a non-reentrant model


 *************** function _EUSART1_Receive_ISR *****************
 Defined at:
		line 185 in file "eusart1.c"
 Parameters:    Size  Location     Type
		None
 Auto vars:     Size  Location     Type
		None
 Return value:  Size  Location     Type
                  1    wreg      void 
 Registers used:
		wreg, fsr2l, fsr2h, status,2, status,0, prodl, prodh
 Tracked objects:
		On entry : 
		On exit  : 
		Unchanged: 
 Data sizes:     COMRAM   BANK0   BANK1   BANK2   BANK3   BANK4   BANK5   BANK6   BANK7   BANK8   BANK9  BANK10  BANK11  BANK12  BANK13  BANK14
      Params:         0       0       0       0       0       0       0       0       0       0       0       0       0       0       0       0
      Locals:         0       0       0       0       0       0       0       0       0       0       0       0       0       0       0       0
      Temps:          0       0       0       0       0       0       0       0       0       0       0       0       0       0       0       0
      Totals:         0       0       0       0       0       0       0       0       0       0       0       0       0       0       0       0
Total ram usage:        0 bytes
 Hardware stack levels used:    1
 This function calls:
		Nothing
 This function is called by:
		_INTERRUPT_InterruptManager
 This function uses a non-reentrant model



MODULE INFORMATION

Module		Function		Class		Link	Load	Size
C:\Program Files (x86)\Microchip\xc8\v1.42\sources\common\awdiv.c
		___awdiv       		CODE           	0256	0000	133

C:\Program Files (x86)\Microchip\xc8\v1.42\sources\common\awdiv.c estimated size: 133

eusart1.c
		_EUSART1_Receive_ISR		CODE           	0424	0000	45
		_EUSART1_Transmit_ISR		CODE           	03F6	0000	47

eusart1.c estimated size: 92

shared
		__initialization		CODE           	0450	0000	13

shared estimated size: 13

interrupt_manager.c
		_INTERRUPT_Initialize		CODE           	048E	0000	5
		_INTERRUPT_InterruptManager		CODE           	0008	0000	147

interrupt_manager.c estimated size: 152

C:\Program Files (x86)\Microchip\xc8\v1.42\sources\common\awmod.c
		___awmod       		CODE           	02DA	0000	113

C:\Program Files (x86)\Microchip\xc8\v1.42\sources\common\awmod.c estimated size: 113

pin_manager.c
		_PIN_MANAGER_Initialize		CODE           	03C6	0000	49

pin_manager.c estimated size: 49

main.c
		_DECtoBCD      		CODE           	0390	0000	55
		_unlock_RTCC   		CODE           	0466	0000	15
		_initialize_System		CODE           	0474	0000	15
		_main          		CODE           	034A	0000	71
		_ctor_RTCC     		CODE           	01CC	0000	139
		_read_RTCC     		CODE           	0138	0000	149
		_write_RTCC    		CODE           	009E	0000	155
		_initialize_OSC		CODE           	0482	0000	13

main.c estimated size: 612

